[brgsa.github.io/coffe-shop/index.html]
[backblue.gif]
[fade.gif]
[index.html]
[brgsa.github.io/coffe-shop/assets/css/style.css]
[brgsa.github.io/coffe-shop/boxicons.min.css]
[cdn.jsdelivr.net/npm/boxicons@latest/css/boxicons.min.css]
[unpkg.com/boxicons@latest/css/boxicons.min.3.delayed]
[unpkg.com/boxicons@2.1.4/css/boxicons.min.css]
[brgsa.github.io/coffe-shop/assets/img/logo.png]
[brgsa.github.io/coffe-shop/assets/img/main.png]
[brgsa.github.io/coffe-shop/assets/img/about.jpg]
[brgsa.github.io/coffe-shop/assets/img/p1.png]
[brgsa.github.io/coffe-shop/assets/img/p2.png]
[brgsa.github.io/coffe-shop/assets/img/p3.png]
[brgsa.github.io/coffe-shop/assets/img/p4.png]
[brgsa.github.io/coffe-shop/assets/img/p5.png]
[brgsa.github.io/coffe-shop/assets/img/p6.png]
[brgsa.github.io/coffe-shop/assets/img/rev1.jpg]
[brgsa.github.io/coffe-shop/assets/img/rev2.jpg]
[brgsa.github.io/coffe-shop/assets/img/rev3.jpg]
[brgsa.github.io/coffe-shop/index.html]
[brgsa.github.io/coffe-shop/assets/js/main.js]
[brgsa.github.io/coffe-shop/assets/img/bg.png]
[brgsa.github.io/coffe-shop/assets/css/style.css]
[brgsa.github.io/coffe-shop/boxicons.min.html]
[cdn.jsdelivr.net/npm/boxicons@latest/css/boxicons.min.css]
[unpkg.com/boxicons@2.1.4/css/boxicons.min.css]
